Application Advisor CLI Version: 1.6.7
com.vmware.tanzu.spring.advisor.exceptions.MappingSourceLoadException: Failed to load mapping source '/Users/dcaron/Documents/src/spring-io-barcelona-2025-spring-kafka-the-advance-features/repros/08-slug-collapse-family/runs/b/.advisor/mappings/kafka.json': Error merging mapping source PathMappingSource{filePath=/Users/dcaron/Documents/src/spring-io-barcelona-2025-spring-kafka-the-advance-features/repros/08-slug-collapse-family/runs/b/.advisor/mappings/kafka.json}
	at com.vmware.tanzu.spring.advisor.project.MappingsLoader.buildReport(MappingsLoader.java:90)
	at com.vmware.tanzu.spring.advisor.project.MappingsLoader.loadCustomMappings(MappingsLoader.java:53)
	at com.vmware.tanzu.spring.advisor.project.ProjectService.loadCustomMappings(ProjectService.java:43)
	at com.vmware.tanzu.spring.advisor.project.ProjectService.ensureCustomLoaded(ProjectService.java:59)
	at com.vmware.tanzu.spring.advisor.project.ProjectService.findByCoordinate(ProjectService.java:108)
	at com.vmware.tanzu.spring.advisor.cli.mapping.MappingCreateCommand.runCommand(MappingCreateCommand.java:188)
	at com.vmware.tanzu.spring.advisor.cli.support.Command.run(Command.java:15)
	at picocli.CommandLine.executeUserObject(CommandLine.java:2045)
	at picocli.CommandLine.access$1500(CommandLine.java:148)
	at picocli.CommandLine$RunLast.executeUserObjectOfLastSubcommandWithSameParent(CommandLine.java:2469)
	at picocli.CommandLine$RunLast.handle(CommandLine.java:2461)
	at picocli.CommandLine$RunLast.handle(CommandLine.java:2423)
	at picocli.CommandLine$AbstractParseResultHandler.execute(CommandLine.java:2277)
	at picocli.CommandLine$RunLast.execute(CommandLine.java:2425)
	at picocli.CommandLine.execute(CommandLine.java:2174)
	at com.vmware.tanzu.spring.advisor.cli.support.CommandLineApplicationRunner.run(CommandLineApplicationRunner.java:28)
	at org.springframework.boot.SpringApplication.lambda$callRunner$5(SpringApplication.java:788)
	at org.springframework.util.function.ThrowingConsumer$1.acceptWithException(ThrowingConsumer.java:82)
	at org.springframework.util.function.ThrowingConsumer.accept(ThrowingConsumer.java:60)
	at org.springframework.util.function.ThrowingConsumer$1.accept(ThrowingConsumer.java:86)
	at org.springframework.boot.SpringApplication.callRunner(SpringApplication.java:796)
	at org.springframework.boot.SpringApplication.callRunner(SpringApplication.java:787)
	at org.springframework.boot.SpringApplication.lambda$callRunners$3(SpringApplication.java:772)
	at java.base@25.0.1/java.util.stream.ForEachOps$ForEachOp$OfRef.accept(ForEachOps.java:186)
	at java.base@25.0.1/java.util.stream.SortedOps$SizedRefSortingSink.end(SortedOps.java:357)
	at java.base@25.0.1/java.util.stream.AbstractPipeline.copyInto(AbstractPipeline.java:571)
	at java.base@25.0.1/java.util.stream.AbstractPipeline.wrapAndCopyInto(AbstractPipeline.java:560)
	at java.base@25.0.1/java.util.stream.ForEachOps$ForEachOp.evaluateSequential(ForEachOps.java:153)
	at java.base@25.0.1/java.util.stream.ForEachOps$ForEachOp$OfRef.evaluateSequential(ForEachOps.java:176)
	at java.base@25.0.1/java.util.stream.AbstractPipeline.evaluate(AbstractPipeline.java:265)
	at java.base@25.0.1/java.util.stream.ReferencePipeline.forEach(ReferencePipeline.java:632)
	at org.springframework.boot.SpringApplication.callRunners(SpringApplication.java:772)
	at org.springframework.boot.SpringApplication.run(SpringApplication.java:325)
	at org.springframework.boot.SpringApplication.run(SpringApplication.java:1361)
	at org.springframework.boot.SpringApplication.run(SpringApplication.java:1350)
	at com.vmware.tanzu.spring.advisor.cli.CommandLineApplication.main(CommandLineApplication.java:42)
	at java.base@25.0.1/java.lang.invoke.LambdaForm$DMH/sa346b79c.invokeStaticInit(LambdaForm$DMH)
Caused by: java.lang.RuntimeException: Error merging mapping source PathMappingSource{filePath=/Users/dcaron/Documents/src/spring-io-barcelona-2025-spring-kafka-the-advance-features/repros/08-slug-collapse-family/runs/b/.advisor/mappings/kafka.json}
	at com.vmware.tanzu.spring.advisor.project.MappingsLoader.buildReport(MappingsLoader.java:89)
	... 36 more
Caused by: java.lang.IllegalArgumentException: Some projects were already defined: [kafka]
	at com.vmware.tanzu.spring.advisor.project.source.merger.RaiseErrorOnDuplicatesCoordinatesMerger.mergeProjects(RaiseErrorOnDuplicatesCoordinatesMerger.java:52)
	at com.vmware.tanzu.spring.advisor.project.source.merger.RaiseErrorOnDuplicatesCoordinatesMerger.merge(RaiseErrorOnDuplicatesCoordinatesMerger.java:25)
	at com.vmware.tanzu.spring.advisor.project.MappingsLoader.buildReport(MappingsLoader.java:79)
	... 36 more
